<!DOCTYPE html>
<html lang="en">
    <meta charset="UTF-8">
    <meta name="viewport" content="width=device-width, initial-scale=1.0">
    <link rel="stylesheet" href="https://cdnjs.cloudflare.com/ajax/libs/font-awesome/6.5.1/css/all.min.css" 
    integrity="sha512-DTOQO9RWCH3ppGqcWaEA1BIZOC6xxalwEsw9c2QQeAIftl+Vegovlnee1c9QX4TctnWMn13TZye+giMm8e2LwA==" 
    crossorigin="anonymous" referrerpolicy="no-referrer" />
    <link rel="stylesheet" href="style.css">
    <meta name="Author" content="Ayodele Oluwafemi">
    <title>Contact Us</title>
<body class="contactus-body">
    <header>
        <div class="navbar">
            <div class="logo">
                <a href="./index.html"> <h1>Golden Store</h1></a>
            </div>
            <ul class="links">
                <li><a href="./index.html">Home</a></li>
                <li><a href="./about.html">About</a></li>
            </ul>
            <div class="toggle_btn">
                <i class="fa-solid fa-bars"></i>
            </div>
        </div>
        <div class="dropdown">
            <li><a href="./index.html">Home</a></li>
            <li><a href="./about.html">About</a></li>
        </div>
    </header>

    


    <main class="container-main">
        <div class="container">
            <div class="form-wrapper">
                <h2 id="message" class="form-heading">
                    
                </h2>
                <form action=" " class="contact-form">
                    <input type="text" placeholder="Name" autocomplete="off" class="contact-forn-input">
                    <input type="email" placeholder="Email" autocomplete="off" class="contact-forn-input">
                    <input type="tel" placeholder="Phone" autocomplete="off" class="contact-forn-input">
                    <input type="text" placeholder="Subject" autocomplete="off" class="contact-forn-input">
                    <textarea placeholder="Message" class="contact-forn-input  contact-form-textarea" ></textarea>
                    <input type="submit"  class="form-submit-button" value="SUBMIT">
                </form>

            </div>
        </div>


    </main>
    <script src="index.js"></script>
</body>
</html>